[    0.000000] Initializing cgroup subsys cpuset
[    0.000000] Initializing cgroup subsys cpu
[    0.000000] Initializing cgroup subsys cpuacct
[    0.000000] Linux version 4.4.0-98-generic (buildd@lcy01-03) (gcc version 5.4.0 20160609 (Ubuntu 5.4.0-6ubuntu1~16.04.4) ) #121-Ubuntu SMP Tue Oct 10 14:24:03 UTC 2017 (Ubuntu 4.4.0-98.121-generic 4.4.90)
[    0.000000] Command line: BOOT_IMAGE=/boot/vmlinuz-4.4.0-98-generic root=LABEL=cloudimg-rootfs ro console=tty1 console=ttyS0
[    0.000000] KERNEL supported cpus:
[    0.000000]   Intel GenuineIntel
[    0.000000]   AMD AuthenticAMD
[    0.000000]   Centaur CentaurHauls
[    0.000000] x86/fpu: xstate_offset[2]:  576, xstate_sizes[2]:  256
[    0.000000] x86/fpu: Supporting XSAVE feature 0x01: 'x87 floating point registers'
[    0.000000] x86/fpu: Supporting XSAVE feature 0x02: 'SSE registers'
[    0.000000] x86/fpu: Supporting XSAVE feature 0x04: 'AVX registers'
[    0.000000] x86/fpu: Enabled xstate features 0x7, context size is 832 bytes, using 'standard' format.
[    0.000000] x86/fpu: Using 'lazy' FPU context switches.
[    0.000000] e820: BIOS-provided physical RAM map:
[    0.000000] BIOS-e820: [mem 0x0000000000000000-0x000000000009fbff] usable
[    0.000000] BIOS-e820: [mem 0x000000000009fc00-0x000000000009ffff] reserved
[    0.000000] BIOS-e820: [mem 0x00000000000f0000-0x00000000000fffff] reserved
[    0.000000] BIOS-e820: [mem 0x0000000000100000-0x000000003ffeffff] usable
[    0.000000] BIOS-e820: [mem 0x000000003fff0000-0x000000003fffffff] ACPI data
[    0.000000] BIOS-e820: [mem 0x00000000fec00000-0x00000000fec00fff] reserved
[    0.000000] BIOS-e820: [mem 0x00000000fee00000-0x00000000fee00fff] reserved
[    0.000000] BIOS-e820: [mem 0x00000000fffc0000-0x00000000ffffffff] reserved
[    0.000000] NX (Execute Disable) protection: active
[    0.000000] SMBIOS 2.5 present.
[    0.000000] Hypervisor detected: KVM
[    0.000000] e820: last_pfn = 0x3fff0 max_arch_pfn = 0x400000000
[    0.000000] MTRR: Disabled
[    0.000000] x86/PAT: MTRRs disabled, skipping PAT iniialization too.
[    0.000000] CPU MTRRs all blank - virtualized system.
[    0.000000] x86/PAT: Configuration [0-7]: WB  WT  UC- UC  WB  WT  UC- UC  
[    0.000000] found SMP MP-table at [mem 0x0009fff0-0x0009ffff] mapped at [ffff88000009fff0]
[    0.000000] Scanning 1 areas for low memory corruption
[    0.000000] RAMDISK: [mem 0x36acc000-0x3755dfff]
[    0.000000] ACPI: Early table checksum verification disabled
[    0.000000] ACPI: RSDP 0x00000000000E0000 000024 (v02 VBOX  )
[    0.000000] ACPI: XSDT0x000000003FFF0030 00003C (v01 VBOX   VBOXXSDT 00000001 ASL  00000061)
[    0.000000] ACPI: FACP 0x000000003FFF00F0 0000F4 (v04 VBOX   VBOXFAP 0000001 ASL  00000061)
[    0.000000 ACPI: DSDT 0x000000003FFF0470 0021FF (v02 VBOX   VBOXBIOS 00000002 INTL 20100528)
[    0.000000] ACPI: FACS 0x000000003FFF0200 000040
[    0.000000] ACPI: FACS 0x000000003FFF0200 000040
[    0.000000] ACPI: APIC 0x000000003FFF0240 00005C (v02 VBOX   VBOXAPIC 00000001 ASL  00000061)
[    0.000000] ACPI: SSDT 0x000000003FFF02A0 0001CC (v01 VBOX   VBOXCPUT 00000002 INTL 20100528)
[    0.000000] No NUMA configuration found
[    0.000000] Faking a node at [mem 0x0000000000000000-0x000000003ffeffff]
[    0.000000] NODE_DATA(0) allocated [mem 0x3ffeb000-0x3ffeffff]
[    0.000000] kvm-clock: Using msrs 4b564d01 and 4b564d00
[    0.000000] kvm-clock: cpu 0, msr 0:3ffe3001, primary cpu clock
[    0.000000] kvm-clock: using sched offset of 3755464565 cycles
[    0.000000] clocksource: kvm-clock: mask: 0xffffffffffffffff max_cycles: 0x1cd42e4dffb, max_idle_ns: 881590591483 ns
[    0.000000] Zone ranges:
[    0.000000]   DMA      [mem 0x000000000001000-0x0000000000ffffff]
[    0.000000]   DMA32    [mem 0x0000000001000000-0x000000003ffeffff]
[    0.000000]   Normal   empty
[    0.000000]   Device   empty
[    0.000000] Movable zone start for each node
[    0.000000] Early memory node ranges
[    0.000000]   node   0: [mem 0x0000000000001000-0x000000000009efff]
[    0.000000]   node   0: [mm 0x0000000000100000-0x000000003ffeffff]
[    0.000000] Initmem setup node 0 [mem 0x0000000000001000-0x000000003ffeffff]
[    0.000000] ACPI: PM-Timer IO Port: 0x4008
[    0.000000] IOAPIC[0]: apic_id 2, version 32, address 0xfec00000, GSI 0-23
[    0.000000] ACPI: INT_SRC_OVR (bus 0 bus_irq 0 globa_irq 2dfl df)
[   0.00000] ACPI: INT_SRC_OVR (bus 0 bus_irq 9 global_irq 9 low level)
[    0.000000] Using ACPI (MADT) for SMP configuration information
[    0.000000] smpboot: Allowing 2 CPUs, 0 hotplug CPUs
[    0.000000] PM: Registered nosave memory: [mem 0x00000000-0x00000fff]
[    0.000000] PM: Registered nosave memory: [mem 0x0009f000-0x0009ffff]
[    0.000000] PM: Registered nosave memory: [mem 0x000a0000-0x000effff]
[    0.000000] PM: Registered nosave memory: [mem 0x000f0000-0x000fffff]
[    0.000000] e820: [mem 0x40000000-0xfebfffff] available for PCI devices
[    0.000000] Booting paravirtualized kernel on KVM
[    0.000000] clocksource: refined-jiffies: mask: 0xffffffff max_cycles: 0xffffffff, max_idle_ns: 7645519600211568 ns
[    0.000000] setup_percpu: NR_CPUS:512 nr_cpumask_bits:512 nr_cpu_ids:2 nr_node_ids:1
[    0.000000] PERCPU: Embedded 34 pages/cpu @ffff88003fc00000 s98328 r8192 d32744 u1048576
[    0.000000] PV qspinlock hash table entries: 256 (order: 0, 496 btes)
[    0.000000] Built 1 zoneliss in Node order, mobility grouping on.  Total pages: 257913
[    0000000] Policy zone: DMA32
[    0.000000] Kernel command line: BOOT_IMAGE=/boot/vmlinuz-4.4.0-98-generic root=LABEL=cloudimg-rootfs ro console=tty1 console=ttyS0
[    0.000000] PID hash table entries 4096 (order: 3, 32768 bytes)
[    0.000000] Memory: 1001740K/1048120K available (8484K kernel code, 1294K rwdata, 3988K rodata, 1492K init, 1316K bss, 46380K reserved, 0K cma-reserved)
[    0.000000] SLUB: HWalign=64, Order=0-3, MinObjects=0, CPUs=2, Nodes=1
[    0.000000] Hierarchical RCU implementation.
[    0.000000] 	Build-time adjustment of leaf fanout to 64.
[    0.000000] 	RCU restricting CPUs from NR_CPUS=512 to nr_cpu_ids=2
[    0.000000] RCU: Adjusting geometry for rcu_fanout_leaf=64, nr_cpu_ids=2
[    0.000000] NR_IRQS:33024 nnrrqs:440 16
[    0.000000] Console: colour VGA+ 80x25
[    0.000000] console [tty1] enabled
[    0.000000] console [ttyS0] enabled
[    0.000000] tsc: Detected 1103.999 MHz processor
[    0.855266] Calibrating delay loop (skipped) preset value.. 2207.99 BogoMIPS (lpj=4415996)
[    0.858046] pid_max: default: 32768 minimum: 301
[    0.859611] ACPI: Core revision 20150930
[    0.862272] ACPI: 2 ACPI AML tables successfully acquired and loaded
[    0.920149] Security Framework initialized
[    1.007140] Yama: becoming mindful.
[    1.064995] AppArmor: AppArmor initialized
[    1.066748] Dentry cache hash table entries: 131072 (order: 8, 1048576 bytes)
[    1.069084] Inode-cache hash table entries: 65536 (order: 7, 524288 bytes)
[    1.073732] Mount-cache hash table entries: 2048 (order: 2, 16384 bytes)
[    1.160081] Mountpoint-cache hash table entries: 2048 (order: 2, 16384 bytes)
[    1.162422] Initializing cgroup subsys io
[    1.163798] Initializing cgroup subsys memory
[    1.165241] Initializing cgroup subsys devices
[    1.166734] Initializing cgroup subsys freezer
[    1.168192] Initializing cgroup subsys net_cls
[    1.169661] Initializing cgroup subsys perf_event
[    1.171230] Initializing cgroup subsys net_prio
[    1.172716] Initializing cgroup subsys hugetlb
[    1.174189] Initializing cgroup subsys pids
[    1.175705] CPU: Physical Processor ID: 0
[    1.177059] CPU: Processor Core ID: 0
[    1.179752] mce: CPU supports 0 MCE banks
[    1.181129] Last level iTLB entries: 4KB 64, 2MB 8, 4MB 8
[    1.182862] Last level dTLB entries: 4KB 64, 2MB 0, 4MB 0, 1GB 4
[    1.187998] Freeing SMP alternatives memory: 32K
[    1.204171] ftrace: allocating 32154 entries in 126 pages
[    1.264721] smpboot: APIC(0) Converting physical 0 to logical package 0
[    1.276506] smpboot: Max logical packages: 1
[    1.278299] x2apic enabled
[    1.279712] Switched APIC routing to physical x2apic.
[    1.284750] ..TIMER: vector=0x30 apic1=0 pin1=2 apic2=-1 pin2=-1
[    1.410210] smpboot: CPU0: Intel(R) Core(TM) m3-6Y30 CPU @ 0.90GHz (family: 0x6, model: 0x4e, stepping: 0x3)
[    1.437544] Performance Events: unsupported p6 CPU model 78 no PMU driver, software events only.
[    1.465458] KVM setup paravirtual spinlock
[    1.471871] x86: Booting SMP configuration:
[    1.473258] .... node  #0, CPUs:      #1
[    1.474724] kvm-clock: cpu 1, msr 0:3ffe3041, secondary cpu clock
[    1.477754] mce: CPU supports 0 MCE banks
[    1.480719] x86: Booted up 1 node, 2 CPUs
[    1.530485] smpboot: Total of 2 processors activated (4415.99 BogoMIPS)
[    1.533009] devtmpfs: initialized
[    1.541215] evm: security.selinux
[    1.542458] evm: security.SMACK64
[    1.543668] evm: security.SMACK64EXEC
[    1.544945] evm: security.SMACK64TRANSMUTE
[    1.546331] evm: security.SMACK64MMAP
[    1.547587] evm: security.ima
[    1.548735] evm: security.capability
[    1.550759] clocksource: jiffies: mask: 0xffffffff max_cycles: 0xffffffff, max_idle_ns: 7645041785100000 ns
[    1.647879] futex hash table entries: 512 (order: 3, 32768 bytes)
[    1.650097] pinctrl core: initialized pinctrl subsystem
[    1.655657] RTC time:  7:09:23, date: 11/16/17
[    1.659241] NET: Registered protocol family 16
[    1.714924] cpuidle: using governor ladder
[    1.774725] cpuidle: using governor menu
[    1.823274] PCCT header not found.
[    1.824586] ACPI: bus type PCI registered
[    1.825965] acpiphp: ACPI Hot Plug PCI Controller Driver version: 0.5
[    1.828037] PCI: Using configuration type 1 for base access
[    1.843320] ACPI: Added _OSI(Module Device)
[    1.844758] ACPI: Added _OSI(Processor Device)
[    1.846239] ACPI: Added _OSI(3.0 _SCP Extensions)
[    1.847761] ACPI: Added _OSI(Processor Aggregator Device)
[    1.850510] ACPI: Executed 1 blocks of module-level executable AML code
[    1.855423] ACPI: Interpreter enabled
[    1.871033] ACPI: (supports S0 S5)
[    1.872243] ACPI: Using IOAPIC for interrupt routing
[    1.874057] PCI: Using host bridge windows from ACPI; if necessary, use "pci=nocrs" and report a bug
[    1.882435] ACPI: PCI Root Bridge [PCI0] (domain 0000 [bus 00-ff])
[    1.887780] acpi PNP0A03:00: _OSC: OS supports [ASPM ClockPM Segments MSI]
[    1.911186] acpi PNP0A03:00: _OSC: not requesting OS control; OS requires [ExtendedConfig ASPM ClockPM MSI]
[    1.914263] acpi PNP0A03:00: fail to add MMCONFIG information, can't access extended PCI configuration space under this bridge.
[    1.918143] PCI host bridge to bus 0000:00
[    1.919609] pci_bus 0000:00: root bus resource [io  0x0000-0x0cf7 window]
[    1.921666] pci_bus 0000:00: root bus resource [io  0x0d00-0xffff window]
[    1.923726] pci_bus 0000:00: root bus resource [mem 0x000a0000-0x000bffff window]
[    1.926231] pci_bus 0000:00: root bus resource [mem 0x40000000-0xfdffffff window]
[    1.928709] pci_bus 0000:00: root bus resource [bus 00-ff]
[    1.932685] pci 0000:00:01.1: legacy IDE quirk: reg 0x10: [io  0x01f0-0x01f7]
[    1.934786] pci 0000:00:01.1: legacy IDE quirk: reg 0x14: [io  0x03f6]
[    1.936718] pci 0000:00:01.1: legacy IDE quirk: reg 0x18: [io  0x0170-0x0177]
[    1.938823] pci 0000:00:01.1: legacy IDE quirk: reg 0x1c: [io  0x0376]
[    1.957734] pci 0000:00:07.0: quirk: [io  0x4000-0x403f] claimed by PIIX4 ACPI
[    2.030554] pci 0000:00:07.0: quirk: [io  0x4100-0x410f] claimed by PIIX4 SMB
[    2.055702] ACPI: PCI Interrupt Link [LNKA] (IRQs 5 9 10 *11)
[    2.188769] ACPI: PCI Interrupt Link [LNKB] (IRQs 5 9 *10 11)
[    2.199707] ACPI: PCI Interrupt Link [LNKC] (IRQs 5 *9 10 11)
[    2.202580] ACPI: PCI Interrupt Link [LNKD] (IRQs 5 9 10 *11)
[    2.205126] ACPI: Enabled 2 GPEs in block 00 to 07
[    2.207278] vgaarb: setting as boot device: PCI:0000:00:02.0
[    2.214643] vgaarb: device added: PCI:0000:00:02.0,decodes=io+mem,owns=io+mem,locks=none
[    2.219545] vgaarb: loaded
[    2.220575] vgaarb: bridge control possible 0000:00:02.0
[    2.222779] SCSI subsystem initialized
[    2.226525] ACPI: bus type USB registered
[    2.227924] usbcore: registered new interface driver usbfs
[    2.229837] usbcore: registered new interface driver hub
[    2.231522] usbcore: registered new device driver usb
[    2.233566] PCI: Using ACPI for IRQ routing
[    2.235714] NetLabel: Initializing
[    2.236930] NetLabel:  domain hash size = 128
[    2.238355] NetLabel:  protocols = UNLABELED CIPSOv4
[    2.239974] NetLabel:  unlabeled traffic allowed by default
[    2.241987] amd_nb: Cannot enumerate AMD northbridges
[    2.243651] clocksource: Switched to clocksource kvm-clock
[    2.257930] AppArmor: AppArmor Filesystem Enabled
[    2.261233] pnp: PnP ACPI init
[    2.263575] pnp: PnP ACPI: found 3 devices
[   2.277245] clocksource: acpi_pm: mask: 0xffffff max_cycles: 0xffffff, max_idle_ns: 2085701024 ns
[    2.310439] T: Registered protocol family 2

[    2.37483] TCP established hash table entries: 8192 (order: 4, 65536 bytes)

[    2.409164] TCP bind hash table entries: 8192 (order: 5, 131072 bytes)
[    2.411194] TCP: Hash tables configured (established 8192 bind 8192)
[    241325] UDP hash table entries: 512 (order: 2, 16384 bytes)
[    2.474569] UDP-Lite hash table entries: 512 (order: 2, 16384 bytes)
[    2.476570] NET: Registered protocol family 1
[    2.478029] pci 0000:00:00.0: Limiting direct PCI/PCI transfers
[   2.480035] pci 0000:00:01.0: Activating ISA DMA hang workarounds

[    2.513529] Unpacking initramfs...
[    5.578956] Freeing initrd memory: 10824K
[    5.603285] platform rtc_cmos: registered platform RTC device (no PNP device found)
[    5.615296] Scanning for low memory corruption every 60 seconds
[    5.618212] audit: initializing netlink subsys (disabled)
[    5.678608] audit: type=2000 audit(1510816170.526:1): initialized
[    5.716033] Initialise system trusted keyring
[    5.725484] HugeTLB registered 2 MB page size, pre-allocated 0 pages
[    5.729585] zbud: loaded
[    5.744268] VFS: Disk quotas dquot_6.6.0
[    5.771839] VFS: Dquot-cache hash table entries: 512 (order 0, 4096 bytes)
[    5.776043] squashfs: version 4.0 (2009/01/31) Phillip Lougher
[    5.778273] fuse init (API version 7.23)
[    5.779896] Key type big_key registered
[    5.781291] Allocating IMA MOK and blacklist keyrings.
[    5.787174] Key type asymmetric registered
[    5.788646] Asymmetric key parser 'x509' registered
[    5.790385] Block layer SCSI generic (bsg) driver version 0.4 loaded (major 249)
[    5.793859] io scheduler noop registered
[    5.797220] io scheduler deadline registered (default)
[    5.798918] io scheduler cfq registered
[    5.800552] pci_hotplug: PCI Hot Plug PCI Core version: 0.5
[    5.802317] pciehp: PCI Express Hot Plug Controller Driver version: 0.4
[    5.804747] ACPI: AC Adapter [AC] (off-line)
[    5.806243] input: Power Button as /devices/LNXSYSTM:00/LNXPWRBN:00/input/input0
[    5.808738] ACPI: Power Button [PWRF]
[    5.810446] input: Sleep Button as /devices/LNXSYSTM:00/LNXSLPBN:00/input/input1
[    5.812932] ACPI: Sleep Button [SLPF]
[    5.816109] GHES: HEST is not enabled!
[    5.818757] ACPI: Battery Slot [BAT0] (battery present)
[    5.819760] Serial: 8250/16550 driver, 32 ports, IRQ sharing enabled
[    5.848068] 00:02: ttyS0 at I/O 0x3f8 (irq = 4, base_baud = 115200) is a 16550A
[    5.853931] Linux agpgart interface v0.103
[    5.858727] loop: module loaded
[    5.869923] scsi host0: ata_piix
[    5.871317] scsi host1: ata_piix
[    5912352] ata1: PATA max UDMA/33 cmd 0x1f0 ctl 0x3f6 bmdma 0xd000 irq 14
[    5.949222] ata2: PATA max UDMA/33 cmd 0x170 ctl 0x376 bmdma 0xd008 irq 15

[    5.951443] libpy: Fixed MDIO Bus: probed
[    6.017397] tun: Universal TUN/TAP device driver, 1.6
[    6.019038] tun: (C) 1999-2004 Max Ksnyansky <maxk@qualcomm.com>
[    6.081050] PPP generic driver version 2.4.2
[    6.082559]ehcihcd: USB 2.0 'Enhanced' Host Controller (EHCI) Driver

[    6.174626] ehci-pci: EHCI PCI platform driver
[    6.176233] ehci-platform: EHCI generic platform river[   6.273722] ohci_hcd: USB 1.1 'Open' Host Controller (OHCI) Driver
[    6.336015] ohci-pci: OHCI PCI platform driver
[    6.337508] ohci-platform: OHCI generic platform driver
[    6.339169] uhci_hcd: USB Universal Host Controller Interface driver
[    6.341254] i8042: PNP: PS/2 Controller [PNP0303:PS2K,PNP0f03:PS2M] at 0x60,0x64 irq 1,12
[    6.344498] serio: i8042 KBD port at 0x60,0x64 irq 1
[    6.346126] serio: i8042 AUX port at 0x60,0x64 irq 12
[    6.347860] mousedev: PS/2 mouse device common for allmice
[   .379747] input: AT Translated Set 2 keyboard as /devices/platform/i8042/serio0/input/input

[    6.473855] rtc_cmos rtc_cmos: rtc core: registered rtc_cmos as rtc0
[    6.475913] rtc_cmos rtc_cmos: alarms up to one day, 114 bytes nvram
[    6.477859] i2c /dev entries driver
[    6.479188] device-mapper: uevent: version 1.0.3
[    6.480868] device-mapper: ioctl: 4.34.0-ioctl (2015-10-28) initialised: dm-devel@redhat.com
[    6.483612] ledtrig-cpu: registered to indicate activity on CPUs
[    6.486633] NET: Registered protocol family 10
[    6.534998] NET: Registered protocol family 17
[    6.553314] Key type dns_resolver registered
[    6.557343] microcode: CPU0 sig=0x406e3, pf=0x2, revision=0x0
[    6.559163] microcode: CPU1 sig=0x406e3, pf=0x2, revision=0x0
[    6.563467] microcode: Microcode Update Driver: v2.01 <tigran@aivazian.fsnet.co.uk>, Peter Oruba
[    6.606375] registered taskstats version 1
[    6.607780] Loading compiled-in X.509 certificates
[    6.607870] tsc: Refined TSC clocksource calibration: 104.428 MHz
[    6.607873] clocksource: tsc: mask: 0xffffffffffffffff max_cycles: 0xfeb705e3df, max_idle_ns: 440795204476 ns
[    6.685967] Loaded X.509 cert 'Build time autogenerated kernel key: 7431eaeda5a51458aeb00f8de0f18f89e178d882'
[    6.689264] zswap: loaded using pool lzo/zbud
[    6.693038] Key type trusted registered
[    6.709164] Key type encrypted registered
[    6.710576] AppArmor: AppArmor sha1 policy hashing enabled
[    6.712313] ima: No TPM chip found, activating TPM-bypass!
[    6.803063] evm: HMAC attrs: 0x1
[    6.814881]   Magic number: 9:589:167
[    6.820561] acpi PNP0000:00: hash matches
[    6.827780] rtc_cmos rtc_cmos: setting system clock to 2017-11-16 07:09:28 UTC (1510816168)
[    6.846673] BIOS EDD facility v0.16 2004-Jun-25, 0 devices found
[    6.854808] EDD information not available.
[    6.862835] Freeing unused kernel memory: 1492K
[    6.870599] Write protecting the kernel read-only data: 14336k
[    6.875048] Freeing unused kernel memory: 1744K
[    6.878096] Freeing unused kernel memory: 108K
Loading, please wait...
starting version 229
[    6.901796] random: systemd-udevd: uninitialized urandom read (16 bytes read, 3 bits of entropy available)
[    6.902366] random: udevadm: uninitialized urandom read (16 bytes read, 3 bits of entropy available)
[    6.902406] random: udevadm: uninitialized urandom read (16 bytes read, 3 bits of entropy available)
[    6.915053] random: udevadm: uninitialized urandom read (16 bytes read, 3 bits of entropy available)
[    6.915117] random: udevadm: uninitialized urandom read (16 bytes read, 3 bits of entropy available)
[    6.915329] random: udevadm: uninitialized urandom read (16 bytes read, 3 bits of entropy available)
[    6.915414] random: udevadm: uninitialized urandom read (16 bytes read, 3 bits of entropy available)
[    6.915492] random: udevadm: uninitialized urandom read (16 bytes read, 3 bits of entropy available)
[    6.915570] random: udevadm: uninitialized urandom read (16 bytes read, 3 bits of entropy available)
[    6.915645] random: udevadm: uninitialized urandom read (16 bytes read, 3 bits of entropy available)
[    7.030852] e1000: Intel(R) PRO/1000 Network Driver - version 7.3.21-k8-NAPI
[    7.034886] e1000: Copyright (c) 1999-2006 Intel Corporation.
[    7.042718] Fusion MPT base driver 3.04.20
[    7.044330] Copyright (c) 1999-2008 LSI Corporation
[    7.083253] Fusion MPT SPI Host driver 3.04.20
[    7.090405] AVX2 version of gcm_enc/dec engaged.
[    7.114058] AES CTR mode by8 optimization enabled
[    7.249768] input: ImExPS/2 Generic Explorer Mouse as /devices/platform/i8042/serio1/input/input4
[    7.471964] e1000 0000:00:03.0 eth0: (PCI:33MHz:32-bit) 02:53:17:3c:de:80
[    7.475285] e1000 0000:00:03.0 eth0: Intel(R) PRO/1000 Network Connection
[    7.478315] mptbase: ioc0: Initiating bringup
[    7.543984] ioc0: LSI53C1030 A0: Capabilities={Initiator}
[    7.718640] scsi host2: ioc0: LSI53C1030 A0, FwRev=00000000h, Ports=1, MaxQ=256, IRQ=20
[    7.832253] scsi 2:0:0:0: Direct-Access     VBOX     HARDDISK         1.0  PQ: 0 ANSI: 5
[    7.937006] scsi target2:0:0: Beginning Domain Validation
[    7.966144] scsi target2:0:0: Domain Validation skipping write tests
[    7.980472] scsi target2:0:0: Ending Domain Validation
[    8.001004] scsi target2:0:0: asynchronous
[    8.010467] scsi 2:0:1:0: Direct-Access     VBOX     HARDDISK         1.0  PQ: 0 ANSI: 5
[    8.034051] scsi target2:0:1: Beginning Domain Validation
[    8.041164] scsi target2:0:1: Domain Validation skipping write tests
[    8.047653] scsi target2:0:1: Ending Domain Validation
[    8.050298] scsi target2:0:1: asynchronous
[    8.085037] sd 2:0:0:0: [sda] 20971520 512-byte logical blocks: (10.7 GB/10.0 GiB)
[    8.089881] sd 2:0:0:0: Attached scsi generic sg0 type 0
[    8.093164] sd 2:0:1:0: Attached scsi generic sg1 type 0
[    8.096032] sd 2:0:0:0: [sda] Write Protect is off
[    8.098202] sd 2:0:1:0: [sdb] 20480 512-byte logical blocks: (10.5 MB/10.0 MiB)
[    8.101147] sd 2:0:0:0: [sda] Incomplete mode parameter data
[    8.103057] sd 2:0:0:0: [sda] Assuming drive cache: write through
[    8.105111] sd 2:0:1:0: [sdb] Write Protect is off
[    8.106888] sd 2:0:1:0: [sdb] Incomplete mode parameter data
[    8.111030] sd 2:0:1:0: [sdb] Assuming drive cache: write through
[    8.114928]  sda: sda1
[    8.117276] sd 2:0:1:0: [sdb] Attached SCSI disk
[    8.121215] sd 2:0:0:0: [sda] Attached SCSI disk
[    8.314431] e1000 0000:00:08.0 eth1: (PCI:33MHz:32-bit) 08:00:27:95:5f:40
[    8.320339] e1000 0000:00:08.0 eth1: Intel(R) PRO/1000 Network Connection
[    8.323323] e1000 0000:00:03.0 enp0s3: renamed from eth0
[    8.336226] e1000 0000:00:08.0 enp0s8: renamed from eth1
[   10.052277] floppy0: no floppy controllers found
Begin: Loading essential drivers ... [   11.656015] md: linear personality registered for level -1
[   11.663646] md: multipath personality registered for level -4
[   11.672865] md: raid0 personality registered for level 0
[   11.685212] md: raid1 personality registered for level 1
[   11.767670] raid6: sse2x1   gen()  5969 MB/s
[   11.850115] raid6: sse2x1   xor()  3553 MB/s
[   11.919958] raid6: sse2x2   gen()  5844 MB/s
[   11.989878] raid6: sse2x2   xor()  4925 MB/s
[   12.059917] raid6: sse2x4   gen()  4046 MB/s
[   12.135828] raid6: sse2x4   xor()  1964 MB/s
[   12.207915] raid6: avx2x1   gen()  7155 MB/s
[   12.279861] raid6: avx2x2   gen()  3856 MB/s
[   12.351946] raid6: avx2x4   gen() 14493 MB/s
[   12.355244] raid6: using algorithm avx2x4 gen() 14493 MB/s
[   12.357564] raid6: using avx2x2 recovery algorithm
[   12.372341] xor: automatically using best checksumming function:
[   12.412037]    avx       : 12424.000 MB/sec
[   12.423033] async_tx: api initialized (async)
[   12.435563] md: raid6 personality registered for level 6
[   12.441897] md: raid5 personality registered for level 5
[   12.444991] md: raid4 personality registered for level 4
[   12.453656] md: raid10 personality registered for level 10
done.
Begin: Running /scripts/init-premount ... done.
Begin: Mounting root file system ... Begin: Running /scripts/local-top ... done.
Begin: Running /scripts/local-premount ... [   12.507513] Btrfs loaded
Scanning for Btrfs filesystems
done.
Warning: fsck no[   12.589733] EXT4-fs (sda1): mounted filesystem with ordered data mode. Opts: (null)
t present, so skipping root file system
done.
Begin: Running /scripts/local-bottom ... done.
Begin: Running /scripts/init-bottom ... done.
[   12.799638] systmd[1]: systemd 229 running in system mode. (+PAM +AUDIT +SELINUX +IMA +APPARMOR +SMACK +SYSVINIT +UTMP +LIBCRYPTSETUP +GCRYPT +GNUTLS +ACL +XZ -LZ4 +SECCOMP +BLKID +ELFUTILS +KMOD -IDN)

[   12.838889] systemd[1]: Detected virtualization oracle.
[   12.840887] systemd[1]: Detected architecture x86-64.

Welcome to [1mUbuntu 16.04.3 LTS[0m!

[   13.239401] systemd[1]: Set hostname to <ubuntu-xenial>.
[   13.841074] systemd[1]: Reached target Encrypted Volumes.
[[0;32m  OK  [0m] Reached target Encrypted Volumes.
[   13.852761] systemd[1]: Listening on udev Control Socket.
[[0;32m  OK  [0m] Listening on udev Control Socket.
[   13.857431] systemd[1]: Listening on udev Kernel Socket.
[[0;32m  OK  [0m] Listening on udev Kernel Socket.
[   13.861328] systemd[1]: Listening on LVM2 metadata daemon socket.
[[0;32m  OK  [0m] Listening on LVM2 metadata daemon socket.
[   13.865365] systemd[1]: Started Forward Password Requests to Wall Directory Watch.
[[0;32m  OK  [0m] Started Forward Password Requests to Wall Directory Watch.
[   13.874916] systemd[1]: Listening on LVM2 poll daemon socket.
[[0;32m  OK  [0m] Listening on LVM2 poll daemon socket.
[   13.879007] systemd[1]: Listening on Journal Socket.
[[0;32m  OK  [0m] Listening on Journal Socket.
[   13.900111] systemd[1]: Listening on Journal Audit Socket.
[[0;32m  OK  [0m] Listening on Journal Audit Socket.
[   13.903874] systemd[1]: Reached target Swap.
[[0;32m  OK  [0m] Reached target Swap.
[   13.907937] systemd[1]: Created slice User and Session Slice.
[[0;32m  OK  [0m] Created slice User and Session Slice.
[   13.915262] systemd[1]: Listening on Journal Socket (/dev/log).
[[0;32m  OK  [0m] Listening on Journal Socket (/dev/log).
[   13.919348] systemd[1]: Listening on Device-mapper event daemon FIFOs.
[[0;32m  OK  [0m] Listening on Device-mapper event daemon FIFOs.
[   13.928121] systemd[1]: Listening on /dev/initctl Compatibility Named Pipe.
[[0;32m  OK  [0m] Listening on /dev/initctl Compatibility Named Pipe.
[   13.932480] systemd[1]: Started Trigger resolvconf update for networkd DNS.
[[0;32m  OK  [0m] Started Trigger resolvconf update for networkd DNS.
[   13.936875] systemd[1]: Reached target User and Group Name Lookups.
[[0;32m  OK  [0m] Reached target User and Group Name Lookups.
[   13.941173] systemd[1]: Set up automount Arbitrary Executable File Formats File System Automount Point.
[[0;32m  OK  [0m] Set up automount Arbitrary Executab...ats File System Automount Point.
[   13.966085] systemd[1]: Created slice System Slice.
[[0;32m  OK  [0m] Created slice System Slice.
[   13.984313] systemd[1]: Starting Monitoring of LVM2 mirrors, snapshots etc. using dmeventd or progress polling...
         Starting Monitoring of LVM2 mirrors... dmeventd [   13.997533] random: nonblocking pool is initialized
or progress polling...
[   14.005388] systemd[1]: Starting Nameserver information manager...
         Starting Nameserver information manager...
[   14.028665] systemd[1]: Starting Set console keymap...
         Starting Set console keymap...
[   14.046135] systemd[1]: Mounting POSIX Message Queue File System...
         Mounting POSIX Message Queue File System...
[   14.051524] systemd[1]: Starting Uncomplicated firewall...
         Starting Uncomplicated firewall...
[   14.077355] systemd[1]: Mounting Huge Pages File System...
         Mounting Huge Pages File System...
[   14.094636] systemd[1]: Starting Load Kernel Modules...
         Starting Load Kernel Modules...
[   14.103630] systemd[1]: Created slice system-serial\x2dgetty.slice.
[   14.118632] Loading iSCSI transport class v2.0-870.
[[0;32m  OK  [0m] Created slice system-serial\x2dgetty.slice.
[   14.128362] systemd[1]: Starting Remount Root and Kernel File Systems...
         Startin[   14.147842] EXT4-fs (sda1): re-mounted. Opts: (null)
g Remount Root and Kernel File S[   14.164278] iscsi: registered transport (tcp)
ystems...
[   14.184045] systemd[1]: Starting Create list of required static device nodes for the current kernel...
         Starting Create list of required st... nodes for the current kernel...
[   14.215276] systemd[1]: Listening on Syslog Socket.
[[0;32m  OK  [0m] Listening on Syslog Socket.
[   14.227317] systemd[1]: Starting Journal Service...
[   14.234729] iscsi: registered transport (iser)
         Starting Journal Service...
[   14.252371] systemd[1]: Mounting Debug File System...
         Mounting Debug File System...
[   14.269974] systemd[1]: Reached target Slices.
[[0;32m  OK  [0m] Reached target Slices.
[   14.275760] systemd[1]: Mounted Huge Pages File System.
[[0;32m  OK  [0m] Mounted Huge Pages File System.
[   14.279272] systemd[1]: Mounted Debug File System.
[[0;32m  OK  [0m] Mounted Debug File System.
[   14.286022] systemd[1]: Mounted POSIX Message Queue File System.
[[0;32m  OK  [0m] Mounted POSIX Message Queue File System.
[   14.294657] systemd[1]: Started Journal Service.
[[0;32m  OK  [0m] Started Journal Service.
[[0;32m  OK  [0m] Started Set console keymap.
[[0;32m  OK  [0m] Started Uncomplicated firewall.
[[0;32m  OK  [0m] Started Load Kernel Modules.
[[0;32m  OK  [0m] Started Remount Root and Kernel File Systems.
[[0;32m  OK  [0m] Started Create list of required sta...ce nodes for the current kernel.
[[0;32m  OK  [0m] Started Nameserver information manager.
[[0;32m  OK  [0m] Started LVM2 metadata daemon.
         Starting Create Static Device Nodes in /dev...
         Starting Load/Save Random Seed...
         Starting Initial cloud-init job (pre-networking)...
         Starting udev Coldplug all Devices...
         Starting Apply Kernel Variables...
         Mounting FUSE Control File System...
         Starting Flush Journal to Persistent Storage...
[[0;32m  OK  [0m] Started Create Static Device Nodes in /dev.
[[0;32m  OK  [0m] Started Load/Save Random Seed.
[[0;32m  OK  [0m] Started Apply Kernel Variables.
[[0;32m  OK  [0m] Mounted FUSE Control File System.
[[0;32m  OK  [0m] Started udev Coldplug all Devices.
[[0;32m  OK  [0m] Started Flush Journal to Persistent Storage.
         Starting udev Kernel Device Manager...
[[0;32m  OK  [0m] Started udev Kernel Device Manager.
[[0;32m  OK  [0m] Started Dispatch Password Requests to Console Directory Watch.
[[0;32m  OK  [0m] Started Monitoring of LVM2 mirrors,...ng dmeventd or progress polling.
[[0;32m  OK  [0m] Reached target Local File Systems (Pre).
[[0;32m  OK  [0m] Reached target Local File Systems.
         Starting Set console font and keymap...
         Starting Create Volatile Files and Directories...
         Starting Tell Plymouth To Write Out Runtime Data...
         Starting LSB: AppArmor initialization...
[[0;32m  OK  [0m] Started Tell Plymouth To Write Out Runtime Data.
[[0;32m  OK  [0m] Started Create Volatile Files and Directories.
[[0;32m  OK  [0m] Reached target System Time Synchronized.
         Starting Update UTMP about System Boot/Shutdown...
[[0;32m  OK  [0m] Started LSB: AppArmor initialization.
[[0;32m  OK  [0m] Found device /dev/ttyS0.
[[0;32m  OK  [0m] Started Update UTMP about System Boot/Shutdown.
[[0;32m  OK  [0m] Listening on Load/Save RF Kill Switch Status /dev/rfkill Watch.
[[0;32m  OK  [0m] Found device 82540EM Gigabit Ethern...r (PRO/1000 MT Desktop Adapter).
[   14.547936] cloud-init[448]: Cloud-init v. 0.7.9 running 'init-local' at Thu, 16 Nov 2017 07:09:37 +0000. Up 14.02 seconds.
[[0;32m  OK  [0m] Started Initial cloud-init job (pre-networking).
[[0;32m  OK  [0m] Reached target Network (Pre).
[[0;32m  OK  [0m] Started ifup for enp0s8.
         Starting Raise network interfaces...
[[0;32m  OK  [0m] Started ifup for enp0s3.
[[0;32m  OK  [0m] Started Set console font and keymap.
[[0;32m  OK  [0m] Found device 82540EM Gigabit Ethern...r (PRO/1000 MT Desktop Adapter).
[[0;32m  OK  [0m] Created slice system-getty.slice.
[[0;32m  OK  [0m] Started Raise network interfaces.
[[0;32m  OK  [0m] Reached target Network.
         Starting Initial cloud-init job (metadata service crawler)...
[   17.726708] cloud-init[1073]: Cloud-init v. 0.7.9 running 'init' at Thu, 16 Nov 2017 07:09:40 +0000. Up 16.93 seconds.
[   17.750009] cloud-init[1073]: ci-info: ++++++++++++++++++++++++++++++++++++++Net device info++++++++++++++++++++++++++++++++++++++
[   17.780649] cloud-init[1073]: ci-info: +--------+------+-----------------------------+---------------+-------+-------------------+
[   17.824060] cloud-init[1073]: ci-info: | Device |  Up  |           Address           |      Mask     | Scope |     Hw-Address    |
[   17.857956] cloud-init[1073]: ci-info: +--------+------+-----------------------------+---------------+-------+-------------------+
[   17.887198] [[0;32m  OK  [0m] Started Initial cloud-init job (metadata service crawler).
cloud-init[1073]: ci-info: | enp0s8 | True |        192.168.10.10        | 255.255.255.0 |   .   | 08:00:27:95:5f:40 |
[   18.056812] [[0;32m  OK  [0m] Reached target System Initialization.
[[0;32m  OK  [0m] Listening on UUID daemon activation socket.
cloud-init         Starting LXD - unix socket.
[1073]: [ci-info: | enp0s8 | True | fe80::a00:27ff:fe95:5f40/64 |       .       |  link | 08:00:27:95:5f:40 |[0;32m  OK  [0m
] Started Timer to automatically refresh installed snaps.
[[0;32m  OK  [0m] Listening on ACPID Listen Socket.
[[0;32m  OK  [0m] Listening on D-Bus System Message Bus Socket.
         Starting Socket activation for snappy daemon.
[[0;32m  OK  [0m] Started Daily Cleanup of Temporary Directories.
[   18.091316] cloud-init[1073]: ci-info: |   lo   | True |          127.0.0.1          |   255.0.0.0   |   .   |         .         |
[   18.135096] cloud-init[1073]: ci-info: |   lo   | True |           ::1/128           |       .       |  host |         .         |
[[0;32m  OK  [0m] Started ACPI Events Check.
[[0;32m  OK  [0m] Reached target Paths.
[   18.147866] cloud-init[1073]: ci-info: | enp0s3 | True |          10.0.2.15          | 255.255.255.0 |   .   | 02:53:17:3c:de:80 |
[   18.153983] cloud-init[1073]: ci-info: | enp0s3 | True |  fe80::53:17ff:fe3c:de80/64 |       .       |  link | 02:53:17:3c:de:80 |
[[0;32m  OK  [0m] Reached target Cloud-config availability.
[[0;32m  OK  [0m] Reached target Network is Online.
[[0;32m  OK  [0m] Started Daily apt download activities.
[[0;32m  OK  [0m] Started Daily apt upgrade and clean activities.
[[0;32m  OK  [0m] Reached target Timers.
[   18.155352] cloud-init[1073]: ci-info: +--------+------+-----------------------------+---------------+-------+-------------------+
[   18.193986]          Starting iSCSI initiator daemon (iscsid)...
[[0;32m  OK  [0m] Listening on LXD - unix socket.
[[0;32m  OK  [0m] Listening on Socket activation for snappy daemon.
cloud-init[1073]: ci-info: ++++++++++++++++++++++++++++Route IPv4 info++++++++++++++++++++++++++++
[   18.225189] cloud-init[1073]: ci-info: +-------+--------------+----------+---------------+-----------+-------+
[   18.225735] cloud-init[1073]: ci-info: | Route | Destination  | Gateway  |    Genmask    | Interface | Flags |
[   18.226239] cloud-init[1073]: ci-info: +-------+--------------+----------+---------------+-----------+-------+
[   18.226731] cloud-init[1073]: ci-info: |   0   |   0.0.0.0    | 10.0.2.2 |    0.0.0.0    |   enp0s3  |   UG  |
[   18.227229] cloud-init[1073]: ci-info: |   1   |   10.0.2.0   | 0.0.0.0  | 255.255.255.0 |   enp0s3  |   U   |
[   18.227757] cloud-init[1073]: ci-info: |   2   | 192.168.10.0 | 0.0.0.0  | 255.255.255.0 |   enp0s8  |   U   |
[   18.229815] cloud-init[1073]: ci-info: +-------+--------------+----------+---------------+-----------+-------+
[[0;32m  OK  [0m] Started iSCSI initiator daemon (iscsid).
         Starting Login to default iSCSI targets...
[[0;32m  OK  [0m] Reached target Sockets.
[[0;32m  OK  [0m] Reached target Basic System.
[[0;32m  OK  [0m] Started Deferred execution scheduler.
[[0;32m  OK  [0m] Started ACPI event daemon.
[[0;32m  OK  [0m] Started Unattended Upgrades Shutdown.
         Starting System Logging Service...
         Starting The Marionette Collective...
         Starting Accounts Service...
[[0;32m  OK  [0m] Started D-Bus System Message Bus.
[[0;32m  OK  [0m] Started FUSE filesystem for LXC.
         Starting puppetserver Service...
         Starting LSB: MD monitoring daemon...
         Starting /etc/rc.local Compatibility...
         Starting OpenBSD Secure Shell server...
         Starting Login Service...
         Starting Apply the settings specified in cloud-config...
[[0;32m  OK  [0m] Started Regular background program processing daemon.
         Starting LSB: Record successful boot for GRUB...
         Starting Snappy daemon...
[[0;32m  OK  [0m] Started Puppet agent.
         Starting LXD - container startup/shutdown...
[[0;32m  OK  [0m] Started System Logging Service.
[[0;32m  OK  [0m] Started OpenBSD Secure Shell server.
[[0;32m  OK  [0m] Started /etc/rc.local Compatibility.
[[0;32m  OK  [0m] Started Login to default iSCSI targets.
[[0;32m  OK  [0m] Started LSB: MD monitoring daemon.
[[0;32m  OK  [0m] Started LSB: Record successful boot for GRUB.
         Starting Authenticate and Authorize Users to Run Privileged Tasks...
[[0;32m  OK  [0m] Reached target Remote File Systems (Pre).
[[0;32m  OK  [0m] Reached target Remote File Systems.
         Starting LSB: VirtualBox Linux Additions...
         Starting LSB: automatic crash report generation...
         Starting Permit User Sessions...
         Starting LSB: daemon to balance interrupts for SMP systems...
         Starting LSB: Set the CPU Frequency Scaling governor to "ondemand"...
[[0;32m  OK  [0m] Started Permit User Sessions.
[[0;32m  OK  [0m] Started LXD - container startup/shutdown.
[[0;32m  OK  [0m] Started Snappy daemon.
[[0;32m  OK  [0m] Started Login Service.
[[0;32m  OK  [0m] Started Authenticate and Authorize Users to Run Privileged Tasks.
[[0;32m  OK  [0m] Started Accounts Service.
         Starting Terminate Plymouth Boot Screen...
         Starting Hold until boot process finishes up...
[[0;32m  OK  [0m] Started Terminate Plymouth Boot Screen.
[[0;32m  OK  [0m] Started Hold until boot process finishes up.
[[0;32m  OK  [0m] Created slice User Slice of ubuntu.
[[0;32m  OK  [0m] Started Getty on tty1.
[[0;32m  OK  [0m] Started Serial Getty on ttyS0.
[[0;32m  OK  [0m] Reached target Login Prompts.
         Starting Set console scheme...
[[0;32m  OK  [0m] Started LSB: automatic crash report generation.
[[0;32m  OK  [0m] Started LSB: daemon to balance interrupts for SMP systems.
[[0;32m  OK  [0m] Started LSB: Set the CPU Frequency Scaling governor to "ondemand".
[[0;32m  OK  [0m] Started Set console scheme.
[[0;32m  OK  [0m] Started LSB: VirtualBox Linux Additions.
         Starting User Manager for UID 1000...
[[0;32m  OK  [0m] Started Session 1 of user ubuntu.
[[0;32m  OK  [0m] Started User Manager for UID 1000.
[[0;1;31mFAILED[0m] Failed to start puppetserver Service.
See 'systemctl status puppetserver.service' for details.
[[0;32m  OK  [0m] Stopped puppetserver Service.
         Starting puppetserver Service...
[[0;32m  OK  [0m] Started The Marionette Collective.
[   20.841304] cloud-init[1172]: Cloud-init v. 0.7.9 running 'modules:config' at Thu, 16 Nov 2017 07:09:43 +0000. Up 20.44 seconds.
[[0;32m  OK  [0m] Started Apply the settings specified in cloud-config.
[[0;1;31mFAILED[0m] Failed to start puppetserver Service.
See 'systemctl status puppetserver.service' for details.
[[0;32m  OK  [0m] Reached target Multi-User System.
[[0;32m  OK  [0m] Reached target Graphical Interface.
         Starting Execute cloud user/final scripts...
         Starting Update UTMP about System Runlevel Changes...
[[0;32m  OK  [0m] Started Update UTMP about System Runlevel Changes.
[[0;32m  OK  [0m] Stopped puppetserver Service.
         Starting puppetserver Service...
[   22.768235] cloud-init[1423]: Cloud-init v. 0.7.9 running 'modules:final' at Thu, 16 Nov 2017 07:09:45 +0000. Up 22.19 seconds.
[   22.792551] cloud-init[1423]: Cloud-init v. 0.7.9 finished at Thu, 16 Nov 2017 07:09:46 +0000. Datasource DataSourceNoCloud [seed=/dev/sdb][dsmode=net].  Up 22.71 seconds
[[0;1;31mFAILED[0m] Failed to start puppetserver Service.
See 'systemctl status puppetserver.service' for details.
[[0;32m  OK  [0m] Started Execute cloud user/final scripts.
[[0;32m  OK  [0m] Reached target Cloud-init target.

Ubuntu 16.04.3 LTS ubuntu-xenial ttyS0

ubuntu-xenial login: [  786.551846] e1000 0000:00:03.0 enp0s3: Detected Tx Unit Hang
[  786.551846]   Tx Queue             <0>
[  786.551846]   TDH                  <c4>
[  786.551846]   TDT                  <c6>
[  786.551846]   next_to_use          <c6>
[  786.551846]   next_to_clean        <c4>
[  786.551846] buffer_info[next_to_clean]
[  786.551846]   time_stamp           <10001d6fa>
[  786.551846]   next_to_watch        <c5>
[  786.551846]   jiffies              <10001d957>
[  786.551846]   next_to_watch.status <0>
[  788.579983] e1000 0000:00:03.0 enp0s3: Detected Tx Unit Hang
[  788.579983]   Tx Queue             <0>
[  788.579983]   TDH                  <c4>
[  788.579983]   TDT                  <c6>
[  788.579983]   next_to_use          <c6>
[  788.579983]   next_to_clean        <c4>
[  788.579983] buffer_info[next_to_clean]
[  788.579983]   time_stamp           <10001d6fa>
[  788.579983]   next_to_watch        <c5>
[  788.579983]   jiffies              <10001db52>
[  788.579983]   next_to_watch.status <0>
[  790.611195] e1000 0000:00:03.0 enp0s3: Detected Tx Unit Hang
[  790.611195]   Tx Queue             <0>
[  790.611195]   TDH                  <c4>
[  790.611195]   TDT                  <c6>
[  790.611195]   next_to_use          <c6>
[  790.611195]   next_to_clean        <c4>
[  790.611195] buffer_info[next_to_clean]
[  790.611195]   time_stamp           <10001d6fa>
[  790.611195]   next_to_watch        <c5>
[  790.611195]   jiffies              <10001dd4e>
[  790.611195]   next_to_watch.status <0>
[  792.635062] e1000 0000:00:03.0 enp0s3: Detected Tx Unit Hang
[  792.635062]   Tx Queue             <0>
[  792.635062]   TDH                  <c4>
[  792.635062]   TDT                  <c6>
[  792.635062]   next_to_use          <c6>
[  792.635062]   next_to_clean        <c4>
[  792.635062] buffer_info[next_to_clean]
[  792.635062]   time_stamp           <10001d6fa>
[  792.635062]   next_to_watch        <c5>
[  792.635062]   jiffies              <10001df48>
[  792.635062]   next_to_watch.status <0>
[  792.736411] e1000 0000:00:03.0 enp0s3: Reset adapter
